<html>
<body>
<pre>
<h1>µVision Build Log</h1>
<h2>Tool Versions:</h2>
IDE-Version: ¦ÌVision V5.29.0.0
Copyright (C) 2019 ARM Ltd and ARM Germany GmbH. All rights reserved.
License Information: shao liang, cloudsense, LIC=JL28G-V1WAX-Z93G9-4215F-NV0YR-LY1X2
 
Tool Versions:
Toolchain:       MDK-ARM Plus  Version: 5.29.0.0
Toolchain Path:  C:\Keil_v5\ARM\ARMCC\Bin
C Compiler:      Armcc.exe V5.06 update 6 (build 750)
Assembler:       Armasm.exe V5.06 update 6 (build 750)
Linker/Locator:  ArmLink.exe V5.06 update 6 (build 750)
Library Manager: ArmAr.exe V5.06 update 6 (build 750)
Hex Converter:   FromElf.exe V5.06 update 6 (build 750)
CPU DLL:         SARMCM3.DLL V5.29.0.0
Dialog DLL:      DCM.DLL V1.17.3.0
Target DLL:      STLink\ST-LINKIII-KEIL_SWO.dll V3.0.7.0
Dialog DLL:      TCM.DLL V1.36.5.0
 
<h2>Project:</h2>
C:\workspace\github\projects\rtt-dists\stm32f103re-iot-dev-base\project.uvprojx
Project File Date:  07/29/2020

<h2>Output:</h2>
*** Using Compiler 'V5.06 update 6 (build 750)', folder: 'C:\Keil_v5\ARM\ARMCC\Bin'
Build target 'rt-thread'
compiling idle.c...
compiling clock.c...
compiling irq.c...
compiling components.c...
compiling device.c...
compiling kservice.c...
compiling ipc.c...
compiling mempool.c...
compiling object.c...
compiling mem.c...
compiling scheduler.c...
compiling signal.c...
compiling thread.c...
compiling timer.c...
compiling wdt_idle.c...
applications\wdt_idle.c(63): warning:  #144-D: a value of type "int (*)(int, char **)" cannot be used to initialize an entity of type "const init_fn_t"
  INIT_APP_EXPORT(_wdt);
applications\wdt_idle.c(65): warning:  #177-D: function "assert_test"  was declared but never referenced
  static void assert_test(void)
applications\wdt_idle.c: 2 warnings, 0 errors
compiling main.c...
compiling vtor_reconfig.c...
compiling board.c...
board\board.c(45): warning:  #1-D: last line of file ends without a newline
  }
board\board.c: 1 warning, 0 errors
compiling stm32f1xx_hal_msp.c...
compiling spi_flash_init.c...
compiling drv_gpio.c...
compiling at_device.c...
compiling drv_usart.c...
compiling drv_spi.c...
compiling at_device_air720.c...
packages\at_device-v2.0.2\class\air720\at_device_air720.c(478): warning:  #177-D: variable "i"  was declared but never referenced
      int response, time, ttl, i, err_code = 0;
packages\at_device-v2.0.2\class\air720\at_device_air720.c(478): warning:  #177-D: variable "err_code"  was declared but never referenced
      int response, time, ttl, i, err_code = 0;
packages\at_device-v2.0.2\class\air720\at_device_air720.c(419): warning:  #177-D: function "air720_ping_domain_resolve"  was declared but never referenced
  static int air720_ping_domain_resolve(struct at_device *device, const char *name, char ip[16])
packages\at_device-v2.0.2\class\air720\at_device_air720.c: 3 warnings, 0 errors
compiling drv_flash_f1.c...
compiling drv_wdt.c...
compiling drv_common.c...
compiling at_sample_air720.c...
compiling at_socket_air720.c...
packages\at_device-v2.0.2\class\air720\at_socket_air720.c(342): warning:  #940-D: missing return statement at end of non-void function "air720_socket_quick_send" 
  }
packages\at_device-v2.0.2\class\air720\at_socket_air720.c(507): warning:  #177-D: variable "device_socket"  was declared but never referenced
      int device_socket = 0;
packages\at_device-v2.0.2\class\air720\at_socket_air720.c(340): warning:  #177-D: function "air720_socket_quick_send"  was declared but never referenced
  static int air720_socket_quick_send(struct at_socket *socket, const char *buff, size_t bfsz, enum at_socket_type type)
packages\at_device-v2.0.2\class\air720\at_socket_air720.c: 3 warnings, 0 errors
compiling fal.c...
compiling dfs_lfs.c...
compiling fal_flash_sfud_port.c...
compiling lfs_crc.c...
compiling fal_flash.c...
compiling lfs_util.c...
compiling fal_partition.c...
compiling fal_rtt.c...
compiling MQTTConnectClient.c...
compiling MQTTConnectServer.c...
compiling MQTTDeserializePublish.c...
compiling MQTTFormat.c...
compiling MQTTPacket.c...
compiling MQTTSerializePublish.c...
compiling MQTTSubscribeClient.c...
compiling MQTTSubscribeServer.c...
compiling MQTTUnsubscribeClient.c...
compiling MQTTUnsubscribeServer.c...
compiling lfs.c...
compiling ntp.c...
compiling backtrace.c...
compiling div0.c...
compiling mqtt_client.c...
compiling showmem.c...
compiling webclient.c...
compiling http_ota.c...
compiling dfs.c...
compiling ymodem_ota.c...
compiling dfs_file.c...
compiling cpuport.c...
compiling dfs_fs.c...
compiling dfs_posix.c...
compiling poll.c...
compiling mtd_nor.c...
compiling devfs.c...
compiling pin.c...
compiling select.c...
compiling rtc.c...
compiling soft_rtc.c...
compiling spi_dev.c...
compiling serial.c...
compiling sfud_sfdp.c...
compiling spi_core.c...
compiling completion.c...
compiling sfud.c...
compiling spi_flash_sfud.c...
compiling dataqueue.c...
compiling waitqueue.c...
compiling pipe.c...
compiling ringbuffer.c...
compiling watchdog.c...
compiling ringblk_buf.c...
compiling workqueue.c...
compiling shell.c...
compiling mem_std.c...
compiling libc.c...
compiling cmd.c...
compiling stdio.c...
compiling msh.c...
compiling msh_file.c...
compiling stubs.c...
compiling at_utils.c...
compiling time.c...
compiling at_cli.c...
compiling netdev_ipaddr.c...
compiling at_client.c...
compiling net_netdb.c...
compiling netdev.c...
compiling at_socket.c...
compiling af_inet_at.c...
compiling sal_socket.c...
compiling net_sockets.c...
compiling dfs_net.c...
compiling ymodem.c...
compiling system_stm32f1xx.c...
compiling stm32f1xx_hal_cortex.c...
compiling stm32f1xx_hal_crc.c...
compiling stm32f1xx_hal_dma.c...
compiling stm32f1xx_hal_pwr.c...
compiling stm32f1xx_hal_rcc.c...
compiling stm32f1xx_hal_rcc_ex.c...
compiling stm32f1xx_hal.c...
compiling stm32f1xx_hal_cec.c...
compiling stm32f1xx_hal_gpio.c...
compiling stm32f1xx_hal_gpio_ex.c...
compiling stm32f1xx_hal_usart.c...
compiling stm32f1xx_ll_spi.c...
compiling stm32f1xx_hal_uart.c...
compiling stm32f1xx_hal_spi.c...
compiling stm32f1xx_hal_rtc.c...
compiling stm32f1xx_hal_rtc_ex.c...
compiling stm32f1xx_hal_nor.c...
compiling stm32f1xx_hal_iwdg.c...
compiling stm32f1xx_hal_wwdg.c...
compiling stm32f1xx_hal_flash.c...
compiling stm32f1xx_hal_flash_ex.c...
linking...
Program Size: Code=170016 RO-data=20860 RW-data=1348 ZI-data=6892  
After Build - User command #1: fromelf --bin .\build\keil\Obj\rt-thread.axf --output rtthread.bin
".\build\keil\Obj\rt-thread.axf" - 0 Error(s), 9 Warning(s).

<h2>Software Packages used:</h2>

Package Vendor: Keil
                http://www.keil.com/pack/Keil.STM32F1xx_DFP.2.3.0.pack
                Keil.STM32F1xx_DFP.2.3.0
                STMicroelectronics STM32F1 Series Device Support, Drivers and Examples

<h2>Collection of Component include folders:</h2>
  .\RTE\_rt-thread
  C:\Users\admin\AppData\Local\Arm\Packs\Keil\STM32F1xx_DFP\2.3.0\Device\Include

<h2>Collection of Component Files used:</h2>
Build Time Elapsed:  00:00:08
</pre>
</body>
</html>
