<html>
<body>
<pre>
<h1>µVision Build Log</h1>
<h2>Tool Versions:</h2>
IDE-Version: ¦ÌVision V5.29.0.0
Copyright (C) 2019 ARM Ltd and ARM Germany GmbH. All rights reserved.
License Information: shao liang, cloudsense, LIC=JL28G-V1WAX-Z93G9-4215F-NV0YR-LY1X2
 
Tool Versions:
Toolchain:       MDK-ARM Plus  Version: 5.29.0.0
Toolchain Path:  C:\Keil_v5\ARM\ARMCC\Bin
C Compiler:      Armcc.exe V5.06 update 6 (build 750)
Assembler:       Armasm.exe V5.06 update 6 (build 750)
Linker/Locator:  ArmLink.exe V5.06 update 6 (build 750)
Library Manager: ArmAr.exe V5.06 update 6 (build 750)
Hex Converter:   FromElf.exe V5.06 update 6 (build 750)
CPU DLL:         SARMCM3.DLL V5.29.0.0
Dialog DLL:      DCM.DLL V1.17.3.0
Target DLL:      STLink\ST-LINKIII-KEIL_SWO.dll V3.0.7.0
Dialog DLL:      TCM.DLL V1.36.5.0
 
<h2>Project:</h2>
C:\workspace\github\projects\rtt-dists\stm32f103re-cat1-phone\project.uvprojx
Project File Date:  05/14/2020

<h2>Output:</h2>
*** Using Compiler 'V5.06 update 6 (build 750)', folder: 'C:\Keil_v5\ARM\ARMCC\Bin'
Build target 'rt-thread'
compiling at_socket_air720.c...
packages\at_device-v2.0.2\class\air720\at_socket_air720.c(342): warning:  #940-D: missing return statement at end of non-void function "air720_socket_quick_send" 
  }
packages\at_device-v2.0.2\class\air720\at_socket_air720.c(340): warning:  #177-D: function "air720_socket_quick_send"  was declared but never referenced
  static int air720_socket_quick_send(struct at_socket *socket, const char *buff, size_t bfsz, enum at_socket_type type)
packages\at_device-v2.0.2\class\air720\at_socket_air720.c: 2 warnings, 0 errors
linking...
Program Size: Code=187218 RO-data=21886 RW-data=1392 ZI-data=7296  
After Build - User command #1: fromelf --bin .\build\keil\Obj\rt-thread.axf --output rtthread.bin
".\build\keil\Obj\rt-thread.axf" - 0 Error(s), 2 Warning(s).

<h2>Software Packages used:</h2>

Package Vendor: Keil
                http://www.keil.com/pack/Keil.STM32F1xx_DFP.2.3.0.pack
                Keil.STM32F1xx_DFP.2.3.0
                STMicroelectronics STM32F1 Series Device Support, Drivers and Examples

<h2>Collection of Component include folders:</h2>
  .\RTE\_rt-thread
  C:\Users\admin\AppData\Local\Arm\Packs\Keil\STM32F1xx_DFP\2.3.0\Device\Include

<h2>Collection of Component Files used:</h2>
Build Time Elapsed:  00:00:02
</pre>
</body>
</html>
